[0.078s] DEBUG:colcon:Command line arguments: ['/usr/bin/colcon', 'build']
[0.078s] DEBUG:colcon:Parsed command line arguments: Namespace(log_base=None, log_level=None, verb_name='build', build_base='build', install_base='install', merge_install=False, symlink_install=False, test_result_base=None, continue_on_error=False, executor='parallel', parallel_workers=16, event_handlers=None, ignore_user_meta=False, metas=['./colcon.meta'], base_paths=['.'], packages_ignore=None, packages_ignore_regex=None, paths=None, packages_up_to=None, packages_up_to_regex=None, packages_above=None, packages_above_and_dependencies=None, packages_above_depth=None, packages_select_by_dep=None, packages_skip_by_dep=None, packages_skip_up_to=None, packages_select_build_failed=False, packages_skip_build_finished=False, packages_select_test_failures=False, packages_skip_test_passed=False, packages_select=None, packages_skip=None, packages_select_regex=None, packages_skip_regex=None, packages_start=None, packages_end=None, allow_overriding=[], cmake_args=None, cmake_target=None, cmake_target_skip_unavailable=False, cmake_clean_cache=False, cmake_clean_first=False, cmake_force_configure=False, ament_cmake_args=None, catkin_cmake_args=None, catkin_skip_building_tests=False, verb_parser=<colcon_defaults.argument_parser.defaults.DefaultArgumentsDecorator object at 0x7c1abb75c9a0>, verb_extension=<colcon_core.verb.build.BuildVerb object at 0x7c1abb859de0>, main=<bound method BuildVerb.main of <colcon_core.verb.build.BuildVerb object at 0x7c1abb859de0>>)
[0.202s] Level 1:colcon.colcon_core.package_discovery:discover_packages(colcon_meta) check parameters
[0.202s] Level 1:colcon.colcon_core.package_discovery:discover_packages(recursive) check parameters
[0.202s] Level 1:colcon.colcon_core.package_discovery:discover_packages(ignore) check parameters
[0.202s] Level 1:colcon.colcon_core.package_discovery:discover_packages(path) check parameters
[0.202s] Level 1:colcon.colcon_core.package_discovery:discover_packages(colcon_meta) discover
[0.202s] Level 1:colcon.colcon_core.package_discovery:discover_packages(recursive) discover
[0.202s] INFO:colcon.colcon_core.package_discovery:Crawling recursively for packages in '/home/xjj/basket_register'
[0.202s] Level 1:colcon.colcon_core.package_identification:_identify(.) by extensions ['ignore', 'ignore_ament_install']
[0.202s] Level 1:colcon.colcon_core.package_identification:_identify(.) by extension 'ignore'
[0.202s] Level 1:colcon.colcon_core.package_identification:_identify(.) by extension 'ignore_ament_install'
[0.202s] Level 1:colcon.colcon_core.package_identification:_identify(.) by extensions ['colcon_pkg']
[0.202s] Level 1:colcon.colcon_core.package_identification:_identify(.) by extension 'colcon_pkg'
[0.202s] Level 1:colcon.colcon_core.package_identification:_identify(.) by extensions ['colcon_meta']
[0.202s] Level 1:colcon.colcon_core.package_identification:_identify(.) by extension 'colcon_meta'
[0.202s] Level 1:colcon.colcon_core.package_identification:_identify(.) by extensions ['ros']
[0.202s] Level 1:colcon.colcon_core.package_identification:_identify(.) by extension 'ros'
[0.213s] DEBUG:colcon.colcon_core.package_identification:Package '.' with type 'ros.ament_cmake' and name 'basket_register'
[0.213s] Level 1:colcon.colcon_core.package_discovery:discover_packages(recursive) using defaults
[0.213s] Level 1:colcon.colcon_core.package_discovery:discover_packages(ignore) discover
[0.213s] Level 1:colcon.colcon_core.package_discovery:discover_packages(ignore) using defaults
[0.213s] Level 1:colcon.colcon_core.package_discovery:discover_packages(path) discover
[0.213s] Level 1:colcon.colcon_core.package_discovery:discover_packages(path) using defaults
[0.236s] Level 1:colcon.colcon_core.package_discovery:discover_packages(prefix_path) check parameters
[0.236s] Level 1:colcon.colcon_core.package_discovery:discover_packages(prefix_path) discover
[0.238s] DEBUG:colcon.colcon_installed_package_information.package_discovery:Found 380 installed packages in /opt/ros/humble
[0.240s] Level 1:colcon.colcon_core.package_discovery:discover_packages(prefix_path) using defaults
[0.276s] Level 5:colcon.colcon_core.verb:set package 'basket_register' build argument 'cmake_args' from command line to 'None'
[0.276s] Level 5:colcon.colcon_core.verb:set package 'basket_register' build argument 'cmake_target' from command line to 'None'
[0.276s] Level 5:colcon.colcon_core.verb:set package 'basket_register' build argument 'cmake_target_skip_unavailable' from command line to 'False'
[0.276s] Level 5:colcon.colcon_core.verb:set package 'basket_register' build argument 'cmake_clean_cache' from command line to 'False'
[0.276s] Level 5:colcon.colcon_core.verb:set package 'basket_register' build argument 'cmake_clean_first' from command line to 'False'
[0.276s] Level 5:colcon.colcon_core.verb:set package 'basket_register' build argument 'cmake_force_configure' from command line to 'False'
[0.276s] Level 5:colcon.colcon_core.verb:set package 'basket_register' build argument 'ament_cmake_args' from command line to 'None'
[0.276s] Level 5:colcon.colcon_core.verb:set package 'basket_register' build argument 'catkin_cmake_args' from command line to 'None'
[0.276s] Level 5:colcon.colcon_core.verb:set package 'basket_register' build argument 'catkin_skip_building_tests' from command line to 'False'
[0.276s] DEBUG:colcon.colcon_core.verb:Building package 'basket_register' with the following arguments: {'ament_cmake_args': None, 'build_base': '/home/xjj/basket_register/build/basket_register', 'catkin_cmake_args': None, 'catkin_skip_building_tests': False, 'cmake_args': None, 'cmake_clean_cache': False, 'cmake_clean_first': False, 'cmake_force_configure': False, 'cmake_target': None, 'cmake_target_skip_unavailable': False, 'install_base': '/home/xjj/basket_register/install/basket_register', 'merge_install': False, 'path': '/home/xjj/basket_register', 'symlink_install': False, 'test_result_base': None}
[0.276s] INFO:colcon.colcon_core.executor:Executing jobs using 'parallel' executor
[0.277s] DEBUG:colcon.colcon_parallel_executor.executor.parallel:run_until_complete
[0.277s] INFO:colcon.colcon_ros.task.ament_cmake.build:Building ROS package in '/home/xjj/basket_register' with build type 'ament_cmake'
[0.277s] INFO:colcon.colcon_cmake.task.cmake.build:Building CMake package in '/home/xjj/basket_register'
[0.279s] INFO:colcon.colcon_core.plugin_system:Skipping extension 'colcon_core.shell.bat': Not used on non-Windows systems
[0.279s] INFO:colcon.colcon_core.shell:Skip shell extension 'powershell' for command environment: Not usable outside of PowerShell
[0.279s] DEBUG:colcon.colcon_core.shell:Skip shell extension 'dsv' for command environment
[0.289s] DEBUG:colcon.colcon_core.event_handler.log_command:Invoking command in '/home/xjj/basket_register/build/basket_register': CMAKE_PREFIX_PATH=/opt/ros/humble /usr/bin/cmake --build /home/xjj/basket_register/build/basket_register -- -j16 -l16
[0.387s] DEBUG:colcon.colcon_core.event_handler.log_command:Invoked command in '/home/xjj/basket_register/build/basket_register' returned '0': CMAKE_PREFIX_PATH=/opt/ros/humble /usr/bin/cmake --build /home/xjj/basket_register/build/basket_register -- -j16 -l16
[0.400s] DEBUG:colcon.colcon_core.event_handler.log_command:Invoking command in '/home/xjj/basket_register/build/basket_register': CMAKE_PREFIX_PATH=/opt/ros/humble /usr/bin/cmake --install /home/xjj/basket_register/build/basket_register
[0.410s] Level 1:colcon.colcon_core.environment:create_environment_scripts_only(basket_register)
[0.410s] DEBUG:colcon.colcon_core.event_handler.log_command:Invoked command in '/home/xjj/basket_register/build/basket_register' returned '0': CMAKE_PREFIX_PATH=/opt/ros/humble /usr/bin/cmake --install /home/xjj/basket_register/build/basket_register
[0.412s] Level 1:colcon.colcon_core.environment:checking '/home/xjj/basket_register/install/basket_register' for CMake module files
[0.412s] Level 1:colcon.colcon_core.environment:checking '/home/xjj/basket_register/install/basket_register' for CMake config files
[0.413s] Level 1:colcon.colcon_core.shell:create_environment_hook('basket_register', 'cmake_prefix_path')
[0.413s] INFO:colcon.colcon_core.shell:Creating environment hook '/home/xjj/basket_register/install/basket_register/share/basket_register/hook/cmake_prefix_path.ps1'
[0.413s] INFO:colcon.colcon_core.shell:Creating environment descriptor '/home/xjj/basket_register/install/basket_register/share/basket_register/hook/cmake_prefix_path.dsv'
[0.414s] INFO:colcon.colcon_core.shell:Creating environment hook '/home/xjj/basket_register/install/basket_register/share/basket_register/hook/cmake_prefix_path.sh'
[0.414s] Level 1:colcon.colcon_core.environment:checking '/home/xjj/basket_register/install/basket_register/lib'
[0.415s] Level 1:colcon.colcon_core.environment:checking '/home/xjj/basket_register/install/basket_register/bin'
[0.415s] Level 1:colcon.colcon_core.environment:checking '/home/xjj/basket_register/install/basket_register/lib/pkgconfig/basket_register.pc'
[0.415s] Level 1:colcon.colcon_core.environment:checking '/home/xjj/basket_register/install/basket_register/lib/python3.10/site-packages'
[0.415s] Level 1:colcon.colcon_core.environment:checking '/home/xjj/basket_register/install/basket_register/bin'
[0.415s] INFO:colcon.colcon_core.shell:Creating package script '/home/xjj/basket_register/install/basket_register/share/basket_register/package.ps1'
[0.416s] INFO:colcon.colcon_core.shell:Creating package descriptor '/home/xjj/basket_register/install/basket_register/share/basket_register/package.dsv'
[0.416s] INFO:colcon.colcon_core.shell:Creating package script '/home/xjj/basket_register/install/basket_register/share/basket_register/package.sh'
[0.417s] INFO:colcon.colcon_core.shell:Creating package script '/home/xjj/basket_register/install/basket_register/share/basket_register/package.bash'
[0.417s] INFO:colcon.colcon_core.shell:Creating package script '/home/xjj/basket_register/install/basket_register/share/basket_register/package.zsh'
[0.418s] Level 1:colcon.colcon_core.environment:create_file_with_runtime_dependencies(/home/xjj/basket_register/install/basket_register/share/colcon-core/packages/basket_register)
[0.418s] Level 1:colcon.colcon_core.environment:create_environment_scripts_only(basket_register)
[0.418s] Level 1:colcon.colcon_core.environment:checking '/home/xjj/basket_register/install/basket_register' for CMake module files
[0.419s] Level 1:colcon.colcon_core.environment:checking '/home/xjj/basket_register/install/basket_register' for CMake config files
[0.419s] Level 1:colcon.colcon_core.shell:create_environment_hook('basket_register', 'cmake_prefix_path')
[0.419s] INFO:colcon.colcon_core.shell:Creating environment hook '/home/xjj/basket_register/install/basket_register/share/basket_register/hook/cmake_prefix_path.ps1'
[0.419s] INFO:colcon.colcon_core.shell:Creating environment descriptor '/home/xjj/basket_register/install/basket_register/share/basket_register/hook/cmake_prefix_path.dsv'
[0.420s] INFO:colcon.colcon_core.shell:Creating environment hook '/home/xjj/basket_register/install/basket_register/share/basket_register/hook/cmake_prefix_path.sh'
[0.420s] Level 1:colcon.colcon_core.environment:checking '/home/xjj/basket_register/install/basket_register/lib'
[0.420s] Level 1:colcon.colcon_core.environment:checking '/home/xjj/basket_register/install/basket_register/bin'
[0.420s] Level 1:colcon.colcon_core.environment:checking '/home/xjj/basket_register/install/basket_register/lib/pkgconfig/basket_register.pc'
[0.420s] Level 1:colcon.colcon_core.environment:checking '/home/xjj/basket_register/install/basket_register/lib/python3.10/site-packages'
[0.420s] Level 1:colcon.colcon_core.environment:checking '/home/xjj/basket_register/install/basket_register/bin'
[0.421s] INFO:colcon.colcon_core.shell:Creating package script '/home/xjj/basket_register/install/basket_register/share/basket_register/package.ps1'
[0.421s] INFO:colcon.colcon_core.shell:Creating package descriptor '/home/xjj/basket_register/install/basket_register/share/basket_register/package.dsv'
[0.421s] INFO:colcon.colcon_core.shell:Creating package script '/home/xjj/basket_register/install/basket_register/share/basket_register/package.sh'
[0.422s] INFO:colcon.colcon_core.shell:Creating package script '/home/xjj/basket_register/install/basket_register/share/basket_register/package.bash'
[0.422s] INFO:colcon.colcon_core.shell:Creating package script '/home/xjj/basket_register/install/basket_register/share/basket_register/package.zsh'
[0.422s] Level 1:colcon.colcon_core.environment:create_file_with_runtime_dependencies(/home/xjj/basket_register/install/basket_register/share/colcon-core/packages/basket_register)
[0.422s] DEBUG:colcon.colcon_parallel_executor.executor.parallel:closing loop
[0.423s] DEBUG:colcon.colcon_parallel_executor.executor.parallel:loop closed
[0.423s] DEBUG:colcon.colcon_parallel_executor.executor.parallel:run_until_complete finished with '0'
[0.423s] DEBUG:colcon.colcon_core.event_reactor:joining thread
[0.427s] INFO:colcon.colcon_core.plugin_system:Skipping extension 'colcon_notification.desktop_notification.terminal_notifier': Not used on non-Darwin systems
[0.427s] INFO:colcon.colcon_core.plugin_system:Skipping extension 'colcon_notification.desktop_notification.win32': Not used on non-Windows systems
[0.427s] INFO:colcon.colcon_notification.desktop_notification:Sending desktop notification using 'notify2'
[0.436s] DEBUG:colcon.colcon_core.event_reactor:joined thread
[0.437s] INFO:colcon.colcon_core.shell:Creating prefix script '/home/xjj/basket_register/install/local_setup.ps1'
[0.438s] INFO:colcon.colcon_core.shell:Creating prefix util module '/home/xjj/basket_register/install/_local_setup_util_ps1.py'
[0.439s] INFO:colcon.colcon_core.shell:Creating prefix chain script '/home/xjj/basket_register/install/setup.ps1'
[0.440s] INFO:colcon.colcon_core.shell:Creating prefix script '/home/xjj/basket_register/install/local_setup.sh'
[0.440s] INFO:colcon.colcon_core.shell:Creating prefix util module '/home/xjj/basket_register/install/_local_setup_util_sh.py'
[0.441s] INFO:colcon.colcon_core.shell:Creating prefix chain script '/home/xjj/basket_register/install/setup.sh'
[0.441s] INFO:colcon.colcon_core.shell:Creating prefix script '/home/xjj/basket_register/install/local_setup.bash'
[0.442s] INFO:colcon.colcon_core.shell:Creating prefix chain script '/home/xjj/basket_register/install/setup.bash'
[0.442s] INFO:colcon.colcon_core.shell:Creating prefix script '/home/xjj/basket_register/install/local_setup.zsh'
[0.443s] INFO:colcon.colcon_core.shell:Creating prefix chain script '/home/xjj/basket_register/install/setup.zsh'
