[35m[1mConsolidate compiler generated dependencies of target basket_register_node[0m
[100%] Built target basket_register_node
-- Install configuration: ""
-- Up-to-date: /home/xjj/basket_register/install/basket_register/lib/basket_register/basket_register_node
-- Up-to-date: /home/xjj/basket_register/install/basket_register/share/basket_register/src
-- Up-to-date: /home/xjj/basket_register/install/basket_register/share/basket_register/src/basket_register_node.cpp
-- Up-to-date: /home/xjj/basket_register/install/basket_register/share/basket_register/include
-- Up-to-date: /home/xjj/basket_register/install/basket_register/share/basket_register/include/basket_register
-- Up-to-date: /home/xjj/basket_register/install/basket_register/share/ament_index/resource_index/package_run_dependencies/basket_register
-- Up-to-date: /home/xjj/basket_register/install/basket_register/share/ament_index/resource_index/parent_prefix_path/basket_register
-- Up-to-date: /home/xjj/basket_register/install/basket_register/share/basket_register/environment/ament_prefix_path.sh
-- Up-to-date: /home/xjj/basket_register/install/basket_register/share/basket_register/environment/ament_prefix_path.dsv
-- Up-to-date: /home/xjj/basket_register/install/basket_register/share/basket_register/environment/path.sh
-- Up-to-date: /home/xjj/basket_register/install/basket_register/share/basket_register/environment/path.dsv
-- Up-to-date: /home/xjj/basket_register/install/basket_register/share/basket_register/local_setup.bash
-- Up-to-date: /home/xjj/basket_register/install/basket_register/share/basket_register/local_setup.sh
-- Up-to-date: /home/xjj/basket_register/install/basket_register/share/basket_register/local_setup.zsh
-- Up-to-date: /home/xjj/basket_register/install/basket_register/share/basket_register/local_setup.dsv
-- Installing: /home/xjj/basket_register/install/basket_register/share/basket_register/package.dsv
-- Up-to-date: /home/xjj/basket_register/install/basket_register/share/ament_index/resource_index/packages/basket_register
-- Up-to-date: /home/xjj/basket_register/install/basket_register/share/basket_register/cmake/basket_registerConfig.cmake
-- Up-to-date: /home/xjj/basket_register/install/basket_register/share/basket_register/cmake/basket_registerConfig-version.cmake
-- Up-to-date: /home/xjj/basket_register/install/basket_register/share/basket_register/package.xml
