[0.079s] DEBUG:colcon:Command line arguments: ['/usr/bin/colcon', 'build']
[0.079s] DEBUG:colcon:Parsed command line arguments: Namespace(log_base=None, log_level=None, verb_name='build', build_base='build', install_base='install', merge_install=False, symlink_install=False, test_result_base=None, continue_on_error=False, executor='parallel', parallel_workers=16, event_handlers=None, ignore_user_meta=False, metas=['./colcon.meta'], base_paths=['.'], packages_ignore=None, packages_ignore_regex=None, paths=None, packages_up_to=None, packages_up_to_regex=None, packages_above=None, packages_above_and_dependencies=None, packages_above_depth=None, packages_select_by_dep=None, packages_skip_by_dep=None, packages_skip_up_to=None, packages_select_build_failed=False, packages_skip_build_finished=False, packages_select_test_failures=False, packages_skip_test_passed=False, packages_select=None, packages_skip=None, packages_select_regex=None, packages_skip_regex=None, packages_start=None, packages_end=None, allow_overriding=[], cmake_args=None, cmake_target=None, cmake_target_skip_unavailable=False, cmake_clean_cache=False, cmake_clean_first=False, cmake_force_configure=False, ament_cmake_args=None, catkin_cmake_args=None, catkin_skip_building_tests=False, verb_parser=<colcon_defaults.argument_parser.defaults.DefaultArgumentsDecorator object at 0x79b712b5c970>, verb_extension=<colcon_core.verb.build.BuildVerb object at 0x79b712c55db0>, main=<bound method BuildVerb.main of <colcon_core.verb.build.BuildVerb object at 0x79b712c55db0>>)
[0.204s] Level 1:colcon.colcon_core.package_discovery:discover_packages(colcon_meta) check parameters
[0.204s] Level 1:colcon.colcon_core.package_discovery:discover_packages(recursive) check parameters
[0.204s] Level 1:colcon.colcon_core.package_discovery:discover_packages(ignore) check parameters
[0.204s] Level 1:colcon.colcon_core.package_discovery:discover_packages(path) check parameters
[0.204s] Level 1:colcon.colcon_core.package_discovery:discover_packages(colcon_meta) discover
[0.204s] Level 1:colcon.colcon_core.package_discovery:discover_packages(recursive) discover
[0.204s] INFO:colcon.colcon_core.package_discovery:Crawling recursively for packages in '/home/xjj/Practice/restart'
[0.204s] Level 1:colcon.colcon_core.package_identification:_identify(.) by extensions ['ignore', 'ignore_ament_install']
[0.204s] Level 1:colcon.colcon_core.package_identification:_identify(.) by extension 'ignore'
[0.204s] Level 1:colcon.colcon_core.package_identification:_identify(.) by extension 'ignore_ament_install'
[0.204s] Level 1:colcon.colcon_core.package_identification:_identify(.) by extensions ['colcon_pkg']
[0.204s] Level 1:colcon.colcon_core.package_identification:_identify(.) by extension 'colcon_pkg'
[0.204s] Level 1:colcon.colcon_core.package_identification:_identify(.) by extensions ['colcon_meta']
[0.204s] Level 1:colcon.colcon_core.package_identification:_identify(.) by extension 'colcon_meta'
[0.204s] Level 1:colcon.colcon_core.package_identification:_identify(.) by extensions ['ros']
[0.204s] Level 1:colcon.colcon_core.package_identification:_identify(.) by extension 'ros'
[0.215s] DEBUG:colcon.colcon_core.package_identification:Package '.' with type 'ros.ament_cmake' and name 'restart'
[0.215s] Level 1:colcon.colcon_core.package_discovery:discover_packages(recursive) using defaults
[0.215s] Level 1:colcon.colcon_core.package_discovery:discover_packages(ignore) discover
[0.215s] Level 1:colcon.colcon_core.package_discovery:discover_packages(ignore) using defaults
[0.215s] Level 1:colcon.colcon_core.package_discovery:discover_packages(path) discover
[0.215s] Level 1:colcon.colcon_core.package_discovery:discover_packages(path) using defaults
[0.239s] Level 1:colcon.colcon_core.package_discovery:discover_packages(prefix_path) check parameters
[0.239s] Level 1:colcon.colcon_core.package_discovery:discover_packages(prefix_path) discover
[0.239s] WARNING:colcon.colcon_ros.prefix_path.ament:The path '/home/xjj/Practice/restart/install/restart' in the environment variable AMENT_PREFIX_PATH doesn't exist
[0.239s] WARNING:colcon.colcon_ros.prefix_path.catkin:The path '/home/xjj/Practice/restart/install/restart' in the environment variable CMAKE_PREFIX_PATH doesn't exist
[0.240s] DEBUG:colcon.colcon_installed_package_information.package_discovery:Found 0 installed packages in /home/xjj/Practice/restart/install
[0.242s] DEBUG:colcon.colcon_installed_package_information.package_discovery:Found 380 installed packages in /opt/ros/humble
[0.243s] Level 1:colcon.colcon_core.package_discovery:discover_packages(prefix_path) using defaults
[0.276s] Level 5:colcon.colcon_core.verb:set package 'restart' build argument 'cmake_args' from command line to 'None'
[0.277s] Level 5:colcon.colcon_core.verb:set package 'restart' build argument 'cmake_target' from command line to 'None'
[0.277s] Level 5:colcon.colcon_core.verb:set package 'restart' build argument 'cmake_target_skip_unavailable' from command line to 'False'
[0.277s] Level 5:colcon.colcon_core.verb:set package 'restart' build argument 'cmake_clean_cache' from command line to 'False'
[0.277s] Level 5:colcon.colcon_core.verb:set package 'restart' build argument 'cmake_clean_first' from command line to 'False'
[0.277s] Level 5:colcon.colcon_core.verb:set package 'restart' build argument 'cmake_force_configure' from command line to 'False'
[0.277s] Level 5:colcon.colcon_core.verb:set package 'restart' build argument 'ament_cmake_args' from command line to 'None'
[0.277s] Level 5:colcon.colcon_core.verb:set package 'restart' build argument 'catkin_cmake_args' from command line to 'None'
[0.277s] Level 5:colcon.colcon_core.verb:set package 'restart' build argument 'catkin_skip_building_tests' from command line to 'False'
[0.277s] DEBUG:colcon.colcon_core.verb:Building package 'restart' with the following arguments: {'ament_cmake_args': None, 'build_base': '/home/xjj/Practice/restart/build/restart', 'catkin_cmake_args': None, 'catkin_skip_building_tests': False, 'cmake_args': None, 'cmake_clean_cache': False, 'cmake_clean_first': False, 'cmake_force_configure': False, 'cmake_target': None, 'cmake_target_skip_unavailable': False, 'install_base': '/home/xjj/Practice/restart/install/restart', 'merge_install': False, 'path': '/home/xjj/Practice/restart', 'symlink_install': False, 'test_result_base': None}
[0.277s] INFO:colcon.colcon_core.executor:Executing jobs using 'parallel' executor
[0.277s] DEBUG:colcon.colcon_parallel_executor.executor.parallel:run_until_complete
[0.277s] INFO:colcon.colcon_ros.task.ament_cmake.build:Building ROS package in '/home/xjj/Practice/restart' with build type 'ament_cmake'
[0.278s] INFO:colcon.colcon_cmake.task.cmake.build:Building CMake package in '/home/xjj/Practice/restart'
[0.279s] INFO:colcon.colcon_core.plugin_system:Skipping extension 'colcon_core.shell.bat': Not used on non-Windows systems
[0.279s] INFO:colcon.colcon_core.shell:Skip shell extension 'powershell' for command environment: Not usable outside of PowerShell
[0.279s] DEBUG:colcon.colcon_core.shell:Skip shell extension 'dsv' for command environment
[0.285s] DEBUG:colcon.colcon_core.event_handler.log_command:Invoking command in '/home/xjj/Practice/restart/build/restart': CMAKE_PREFIX_PATH=${CMAKE_PREFIX_PATH}:/opt/ros/humble /usr/bin/cmake /home/xjj/Practice/restart -DCMAKE_INSTALL_PREFIX=/home/xjj/Practice/restart/install/restart
[1.149s] DEBUG:colcon.colcon_core.event_handler.log_command:Invoked command in '/home/xjj/Practice/restart/build/restart' returned '0': CMAKE_PREFIX_PATH=${CMAKE_PREFIX_PATH}:/opt/ros/humble /usr/bin/cmake /home/xjj/Practice/restart -DCMAKE_INSTALL_PREFIX=/home/xjj/Practice/restart/install/restart
[1.149s] DEBUG:colcon.colcon_core.event_handler.log_command:Invoking command in '/home/xjj/Practice/restart/build/restart': CMAKE_PREFIX_PATH=${CMAKE_PREFIX_PATH}:/opt/ros/humble /usr/bin/cmake --build /home/xjj/Practice/restart/build/restart -- -j16 -l16
[4.421s] DEBUG:colcon.colcon_core.event_handler.log_command:Invoked command in '/home/xjj/Practice/restart/build/restart' returned '2': CMAKE_PREFIX_PATH=${CMAKE_PREFIX_PATH}:/opt/ros/humble /usr/bin/cmake --build /home/xjj/Practice/restart/build/restart -- -j16 -l16
[4.422s] Level 1:colcon.colcon_core.environment:create_environment_scripts_only(restart)
[4.423s] Level 1:colcon.colcon_core.environment:checking '/home/xjj/Practice/restart/install/restart' for CMake module files
[4.424s] Level 1:colcon.colcon_core.environment:checking '/home/xjj/Practice/restart/install/restart' for CMake config files
[4.424s] Level 1:colcon.colcon_core.environment:checking '/home/xjj/Practice/restart/install/restart/bin'
[4.424s] Level 1:colcon.colcon_core.environment:checking '/home/xjj/Practice/restart/install/restart/lib/pkgconfig/restart.pc'
[4.424s] Level 1:colcon.colcon_core.environment:checking '/home/xjj/Practice/restart/install/restart/lib/python3.10/site-packages'
[4.424s] Level 1:colcon.colcon_core.environment:checking '/home/xjj/Practice/restart/install/restart/bin'
[4.424s] INFO:colcon.colcon_core.shell:Creating package script '/home/xjj/Practice/restart/install/restart/share/restart/package.ps1'
[4.425s] INFO:colcon.colcon_core.shell:Creating package descriptor '/home/xjj/Practice/restart/install/restart/share/restart/package.dsv'
[4.425s] INFO:colcon.colcon_core.shell:Creating package script '/home/xjj/Practice/restart/install/restart/share/restart/package.sh'
[4.425s] INFO:colcon.colcon_core.shell:Creating package script '/home/xjj/Practice/restart/install/restart/share/restart/package.bash'
[4.426s] INFO:colcon.colcon_core.shell:Creating package script '/home/xjj/Practice/restart/install/restart/share/restart/package.zsh'
[4.426s] Level 1:colcon.colcon_core.environment:create_file_with_runtime_dependencies(/home/xjj/Practice/restart/install/restart/share/colcon-core/packages/restart)
[4.436s] DEBUG:colcon.colcon_parallel_executor.executor.parallel:closing loop
[4.436s] DEBUG:colcon.colcon_parallel_executor.executor.parallel:loop closed
[4.437s] DEBUG:colcon.colcon_parallel_executor.executor.parallel:run_until_complete finished with '2'
[4.437s] DEBUG:colcon.colcon_core.event_reactor:joining thread
[4.441s] INFO:colcon.colcon_core.plugin_system:Skipping extension 'colcon_notification.desktop_notification.terminal_notifier': Not used on non-Darwin systems
[4.441s] INFO:colcon.colcon_core.plugin_system:Skipping extension 'colcon_notification.desktop_notification.win32': Not used on non-Windows systems
[4.441s] INFO:colcon.colcon_notification.desktop_notification:Sending desktop notification using 'notify2'
[4.448s] DEBUG:colcon.colcon_core.event_reactor:joined thread
[4.449s] INFO:colcon.colcon_core.shell:Creating prefix script '/home/xjj/Practice/restart/install/local_setup.ps1'
[4.450s] INFO:colcon.colcon_core.shell:Creating prefix util module '/home/xjj/Practice/restart/install/_local_setup_util_ps1.py'
[4.451s] INFO:colcon.colcon_core.shell:Creating prefix chain script '/home/xjj/Practice/restart/install/setup.ps1'
[4.451s] INFO:colcon.colcon_core.shell:Creating prefix script '/home/xjj/Practice/restart/install/local_setup.sh'
[4.451s] INFO:colcon.colcon_core.shell:Creating prefix util module '/home/xjj/Practice/restart/install/_local_setup_util_sh.py'
[4.452s] INFO:colcon.colcon_core.shell:Creating prefix chain script '/home/xjj/Practice/restart/install/setup.sh'
[4.452s] INFO:colcon.colcon_core.shell:Creating prefix script '/home/xjj/Practice/restart/install/local_setup.bash'
[4.452s] INFO:colcon.colcon_core.shell:Creating prefix chain script '/home/xjj/Practice/restart/install/setup.bash'
[4.453s] INFO:colcon.colcon_core.shell:Creating prefix script '/home/xjj/Practice/restart/install/local_setup.zsh'
[4.453s] INFO:colcon.colcon_core.shell:Creating prefix chain script '/home/xjj/Practice/restart/install/setup.zsh'
